// Vitest Snapshot v1, https://vitest.dev/guide/snapshot.html

exports[`PageError > reloads page when button is clicked 1`] = `
<div>
  <div
    class="flex flex-col items-center justify-center h-screen gap-10"
  >
    <p
      class="text-2xl font-bold"
    >
      Произошла непредвиденная ошибка
    </p>
    <button
      class="cursor-pointer w-fit h-fit font-semibold bg-primary text-primary-foreground hover:bg-primary/80 disabled:opacity-50 disabled:cursor-not-allowed px-2 py-1 text-base rounded-md"
    >
      Перезагрузить
    </button>
  </div>
</div>
`;

exports[`PageError > renders correctly 1`] = `
<div>
  <div
    class="flex flex-col items-center justify-center h-screen gap-10"
  >
    <p
      class="text-2xl font-bold"
    >
      Произошла непредвиденная ошибка
    </p>
    <button
      class="cursor-pointer w-fit h-fit font-semibold bg-primary text-primary-foreground hover:bg-primary/80 disabled:opacity-50 disabled:cursor-not-allowed px-2 py-1 text-base rounded-md"
    >
      Перезагрузить
    </button>
  </div>
</div>
`;
