// Vitest Snapshot v1, https://vitest.dev/guide/snapshot.html

exports[`SignupForm > renders signup form 1`] = `
<div>
  <form
    class="flex flex-col gap-4 w-full max-w-md"
  >
    <div
      class="flex flex-col gap-2"
    >
      <label
        class="text-sm font-medium"
        for="email"
      >
        Email
      </label>
      <input
        class="px-3 py-2 border border-border rounded-md bg-input text-foreground placeholder:text-muted-foreground focus:outline-none focus:ring-2 focus:ring-ring"
        id="email"
        name="email"
        placeholder="your@email.com"
        type="email"
      />
    </div>
    <div
      class="flex flex-col gap-2"
    >
      <label
        class="text-sm font-medium"
        for="password"
      >
        Password
      </label>
      <input
        class="px-3 py-2 border border-border rounded-md bg-input text-foreground placeholder:text-muted-foreground focus:outline-none focus:ring-2 focus:ring-ring"
        id="password"
        name="password"
        placeholder="••••••••"
        type="password"
      />
    </div>
    <div
      class="text-sm text-destructive"
    />
    <div
      class="flex gap-2 ml-auto"
    >
      <button
        class="cursor-pointer w-fit h-fit font-semibold bg-primary text-primary-foreground hover:bg-primary/80 disabled:opacity-50 disabled:cursor-not-allowed px-2 py-1 text-base rounded-md"
        type="submit"
      >
        Регистрация
      </button>
      <a
        class="font-semibold inline-flex items-center gap-1 text-primary-dark dark:text-primary hover:text-primary/80"
        data-discover="true"
        href="/login"
      >
        Вход
        <svg
          aria-hidden="true"
          class="lucide lucide-arrow-right"
          fill="none"
          height="24"
          stroke="currentColor"
          stroke-linecap="round"
          stroke-linejoin="round"
          stroke-width="2"
          viewBox="0 0 24 24"
          width="24"
          xmlns="http://www.w3.org/2000/svg"
        >
          <path
            d="M5 12h14"
          />
          <path
            d="m12 5 7 7-7 7"
          />
        </svg>
      </a>
    </div>
  </form>
</div>
`;

exports[`SignupForm > renders signup form 2`] = `
<div>
  <form
    class="flex flex-col gap-4 w-full max-w-md"
  >
    <div
      class="flex flex-col gap-2"
    >
      <label
        class="text-sm font-medium"
        for="email"
      >
        Email
      </label>
      <input
        class="px-3 py-2 border border-border rounded-md bg-input text-foreground placeholder:text-muted-foreground focus:outline-none focus:ring-2 focus:ring-ring"
        id="email"
        name="email"
        placeholder="your@email.com"
        type="email"
      />
    </div>
    <div
      class="flex flex-col gap-2"
    >
      <label
        class="text-sm font-medium"
        for="password"
      >
        Password
      </label>
      <input
        class="px-3 py-2 border border-border rounded-md bg-input text-foreground placeholder:text-muted-foreground focus:outline-none focus:ring-2 focus:ring-ring"
        id="password"
        name="password"
        placeholder="••••••••"
        type="password"
      />
    </div>
    <div
      class="text-sm text-destructive"
    />
    <div
      class="flex gap-2 ml-auto"
    >
      <button
        class="cursor-pointer w-fit h-fit font-semibold bg-primary text-primary-foreground hover:bg-primary/80 disabled:opacity-50 disabled:cursor-not-allowed px-2 py-1 text-base rounded-md"
        type="submit"
      >
        Регистрация
      </button>
      <a
        class="font-semibold inline-flex items-center gap-1 text-primary-dark dark:text-primary hover:text-primary/80"
        data-discover="true"
        href="/login"
      >
        Вход
        <svg
          aria-hidden="true"
          class="lucide lucide-arrow-right"
          fill="none"
          height="24"
          stroke="currentColor"
          stroke-linecap="round"
          stroke-linejoin="round"
          stroke-width="2"
          viewBox="0 0 24 24"
          width="24"
          xmlns="http://www.w3.org/2000/svg"
        >
          <path
            d="M5 12h14"
          />
          <path
            d="m12 5 7 7-7 7"
          />
        </svg>
      </a>
    </div>
  </form>
</div>
`;
